src/components/admin/tenant-dialog.tsx(32,6): error TS2304: Cannot find name 'initialData'.
src/components/admin/tenant-dialog.tsx(33,5): error TS2552: Cannot find name 'formData'. Did you mean 'FormData'?
src/components/admin/tenant-dialog.tsx(34,6): error TS2552: Cannot find name 'formData'. Did you mean 'FormData'?
src/components/admin/tenant-dialog.tsx(40,5): error TS2552: Cannot find name 'setFormData'. Did you mean 'FormData'?
src/components/admin/tenant-dialog.tsx(40,18): error TS7006: Parameter 'prev' implicitly has an 'any' type.
src/components/admin/tenant-dialog.tsx(45,5): error TS2552: Cannot find name 'formData'. Did you mean 'FormData'?
src/components/admin/tenant-dialog.tsx(45,22): error TS2304: Cannot find name 'initialData'.
src/components/admin/tenant-dialog.tsx(45,35): error TS2552: Cannot find name 'formData'. Did you mean 'FormData'?
src/components/admin/tenant-dialog.tsx(58,7): error TS2552: Cannot find name 'formData'. Did you mean 'FormData'?
src/components/admin/tenant-dialog.tsx(58,35): error TS2552: Cannot find name 'formData'. Did you mean 'FormData'?
src/components/admin/tenant-dialog.tsx(85,9): error TS2552: Cannot find name 'setFormData'. Did you mean 'FormData'?
src/components/admin/tenant-dialog.tsx(86,14): error TS2304: Cannot find name 'formData'.
src/components/admin/tenant-dialog.tsx(90,9): error TS2304: Cannot find name 'setFormData'.
src/components/admin/tenant-dialog.tsx(90,26): error TS2304: Cannot find name 'formData'.
